
> ai-timetablex@0.1.0 start
> react-scripts start

(node:1936) [DEP0176] DeprecationWarning: fs.F_OK is deprecated, use fs.constants.F_OK instead
(Use `node --trace-deprecation ...` to show where the warning was created)
(node:1936) [DEP_WEBPACK_DEV_SERVER_ON_AFTER_SETUP_MIDDLEWARE] DeprecationWarning: 'onAfterSetupMiddleware' option is deprecated. Please use the 'setupMiddlewares' option.
(node:1936) [DEP_WEBPACK_DEV_SERVER_ON_BEFORE_SETUP_MIDDLEWARE] DeprecationWarning: 'onBeforeSetupMiddleware' option is deprecated. Please use the 'setupMiddlewares' option.
Starting the development server...

Compiled with warnings.

[eslint] 
src\components\LoginPage.js
  Line 36:17:  'data' is assigned a value but never used  no-unused-vars

src\components\TeacherDashboard.js
  Line 1:17:  'useState' is defined but never used  no-unused-vars

Search for the keywords to learn more about each warning.
To ignore, add // eslint-disable-next-line to the line before.

[1m[33mWARNING[39m[22m in [1m[eslint] 
src\components\LoginPage.js
  Line 36:17:  'data' is assigned a value but never used  no-unused-vars

src\components\TeacherDashboard.js
  Line 1:17:  'useState' is defined but never used  no-unused-vars

[39m[22m

webpack compiled with [1m[33m1 warning[39m[22m
Compiling...
Compiled with warnings.

[eslint] 
src\components\LoginPage.js
  Line 36:17:  'data' is assigned a value but never used  no-unused-vars

src\components\TeacherDashboard.js
  Line 1:17:  'useState' is defined but never used  no-unused-vars

Search for the keywords to learn more about each warning.
To ignore, add // eslint-disable-next-line to the line before.

[1m[33mWARNING[39m[22m in [1m[eslint] 
src\components\LoginPage.js
  Line 36:17:  'data' is assigned a value but never used  no-unused-vars

src\components\TeacherDashboard.js
  Line 1:17:  'useState' is defined but never used  no-unused-vars

[39m[22m

webpack compiled with [1m[33m1 warning[39m[22m
Compiling...
Compiled with warnings.

[eslint] 
src\components\LoginPage.js
  Line 36:17:  'data' is assigned a value but never used  no-unused-vars

src\components\TeacherDashboard.js
  Line 1:17:  'useState' is defined but never used  no-unused-vars

Search for the keywords to learn more about each warning.
To ignore, add // eslint-disable-next-line to the line before.

[1m[33mWARNING[39m[22m in [1m[eslint] 
src\components\LoginPage.js
  Line 36:17:  'data' is assigned a value but never used  no-unused-vars

src\components\TeacherDashboard.js
  Line 1:17:  'useState' is defined but never used  no-unused-vars

[39m[22m

webpack compiled with [1m[33m1 warning[39m[22m
Compiling...
Compiled with warnings.

[eslint] 
src\components\LoginPage.js
  Line 36:17:  'data' is assigned a value but never used  no-unused-vars

src\components\TeacherDashboard.js
  Line 1:17:  'useState' is defined but never used  no-unused-vars

Search for the keywords to learn more about each warning.
To ignore, add // eslint-disable-next-line to the line before.

[1m[33mWARNING[39m[22m in [1m[eslint] 
src\components\LoginPage.js
  Line 36:17:  'data' is assigned a value but never used  no-unused-vars

src\components\TeacherDashboard.js
  Line 1:17:  'useState' is defined but never used  no-unused-vars

[39m[22m

webpack compiled with [1m[33m1 warning[39m[22m
Compiling...
Compiled with warnings.

[eslint] 
src\components\LoginPage.js
  Line 36:17:  'data' is assigned a value but never used  no-unused-vars

src\components\TeacherDashboard.js
  Line 1:17:  'useState' is defined but never used  no-unused-vars

Search for the keywords to learn more about each warning.
To ignore, add // eslint-disable-next-line to the line before.

[1m[33mWARNING[39m[22m in [1m[eslint] 
src\components\LoginPage.js
  Line 36:17:  'data' is assigned a value but never used  no-unused-vars

src\components\TeacherDashboard.js
  Line 1:17:  'useState' is defined but never used  no-unused-vars

[39m[22m

webpack compiled with [1m[33m1 warning[39m[22m
Compiling...
Compiled with warnings.

[eslint] 
src\components\LoginPage.js
  Line 36:17:  'data' is assigned a value but never used  no-unused-vars

src\components\TeacherDashboard.js
  Line 1:17:  'useState' is defined but never used  no-unused-vars

Search for the keywords to learn more about each warning.
To ignore, add // eslint-disable-next-line to the line before.

[1m[33mWARNING[39m[22m in [1m[eslint] 
src\components\LoginPage.js
  Line 36:17:  'data' is assigned a value but never used  no-unused-vars

src\components\TeacherDashboard.js
  Line 1:17:  'useState' is defined but never used  no-unused-vars

[39m[22m

webpack compiled with [1m[33m1 warning[39m[22m
Compiling...
Compiled with warnings.

[eslint] 
src\components\LoginPage.js
  Line 36:17:  'data' is assigned a value but never used  no-unused-vars

src\components\TeacherDashboard.js
  Line 1:17:  'useState' is defined but never used  no-unused-vars

Search for the keywords to learn more about each warning.
To ignore, add // eslint-disable-next-line to the line before.

[1m[33mWARNING[39m[22m in [1m[eslint] 
src\components\LoginPage.js
  Line 36:17:  'data' is assigned a value but never used  no-unused-vars

src\components\TeacherDashboard.js
  Line 1:17:  'useState' is defined but never used  no-unused-vars

[39m[22m

webpack compiled with [1m[33m1 warning[39m[22m
Compiling...
Compiled with warnings.

[eslint] 
src\App.js
  Line 233:7:  'DEMO_SECTION_NAMES' is assigned a value but never used  no-unused-vars

src\components\LoginPage.js
  Line 36:17:  'data' is assigned a value but never used  no-unused-vars

src\components\TeacherDashboard.js
  Line 1:17:  'useState' is defined but never used  no-unused-vars

Search for the keywords to learn more about each warning.
To ignore, add // eslint-disable-next-line to the line before.

[1m[33mWARNING[39m[22m in [1m[eslint] 
src\App.js
  Line 233:7:  'DEMO_SECTION_NAMES' is assigned a value but never used  no-unused-vars

src\components\LoginPage.js
  Line 36:17:  'data' is assigned a value but never used  no-unused-vars

src\components\TeacherDashboard.js
  Line 1:17:  'useState' is defined but never used  no-unused-vars

[39m[22m

webpack compiled with [1m[33m1 warning[39m[22m
Compiling...
Compiled with warnings.

[eslint] 
src\App.js
  Line 233:7:  'DEMO_SECTION_NAMES' is assigned a value but never used  no-unused-vars

src\components\LoginPage.js
  Line 36:17:  'data' is assigned a value but never used  no-unused-vars

src\components\TeacherDashboard.js
  Line 1:17:  'useState' is defined but never used  no-unused-vars

Search for the keywords to learn more about each warning.
To ignore, add // eslint-disable-next-line to the line before.

[1m[33mWARNING[39m[22m in [1m[eslint] 
src\App.js
  Line 233:7:  'DEMO_SECTION_NAMES' is assigned a value but never used  no-unused-vars

src\components\LoginPage.js
  Line 36:17:  'data' is assigned a value but never used  no-unused-vars

src\components\TeacherDashboard.js
  Line 1:17:  'useState' is defined but never used  no-unused-vars

[39m[22m

webpack compiled with [1m[33m1 warning[39m[22m
Compiling...
Compiled with warnings.

[eslint] 
src\App.js
  Line 233:7:  'DEMO_SECTION_NAMES' is assigned a value but never used  no-unused-vars

src\components\LoginPage.js
  Line 36:17:  'data' is assigned a value but never used  no-unused-vars

src\components\TeacherDashboard.js
  Line 1:17:  'useState' is defined but never used  no-unused-vars

Search for the keywords to learn more about each warning.
To ignore, add // eslint-disable-next-line to the line before.

[1m[33mWARNING[39m[22m in [1m[eslint] 
src\App.js
  Line 233:7:  'DEMO_SECTION_NAMES' is assigned a value but never used  no-unused-vars

src\components\LoginPage.js
  Line 36:17:  'data' is assigned a value but never used  no-unused-vars

src\components\TeacherDashboard.js
  Line 1:17:  'useState' is defined but never used  no-unused-vars

[39m[22m

webpack compiled with [1m[33m1 warning[39m[22m
Compiling...
Compiled with warnings.

[eslint] 
src\App.js
  Line 233:7:  'DEMO_SECTION_NAMES' is assigned a value but never used  no-unused-vars

src\components\LoginPage.js
  Line 36:17:  'data' is assigned a value but never used  no-unused-vars

src\components\TeacherDashboard.js
  Line 1:17:  'useState' is defined but never used  no-unused-vars

Search for the keywords to learn more about each warning.
To ignore, add // eslint-disable-next-line to the line before.

[1m[33mWARNING[39m[22m in [1m[eslint] 
src\App.js
  Line 233:7:  'DEMO_SECTION_NAMES' is assigned a value but never used  no-unused-vars

src\components\LoginPage.js
  Line 36:17:  'data' is assigned a value but never used  no-unused-vars

src\components\TeacherDashboard.js
  Line 1:17:  'useState' is defined but never used  no-unused-vars

[39m[22m

webpack compiled with [1m[33m1 warning[39m[22m
Compiling...
Compiled with warnings.

[eslint] 
src\App.js
  Line 233:7:  'DEMO_SECTION_NAMES' is assigned a value but never used  no-unused-vars

src\components\LoginPage.js
  Line 36:17:  'data' is assigned a value but never used  no-unused-vars

src\components\TeacherDashboard.js
  Line 1:17:  'useState' is defined but never used  no-unused-vars

Search for the keywords to learn more about each warning.
To ignore, add // eslint-disable-next-line to the line before.

[1m[33mWARNING[39m[22m in [1m[eslint] 
src\App.js
  Line 233:7:  'DEMO_SECTION_NAMES' is assigned a value but never used  no-unused-vars

src\components\LoginPage.js
  Line 36:17:  'data' is assigned a value but never used  no-unused-vars

src\components\TeacherDashboard.js
  Line 1:17:  'useState' is defined but never used  no-unused-vars

[39m[22m

webpack compiled with [1m[33m1 warning[39m[22m
Compiling...
Compiled with warnings.

[eslint] 
src\App.js
  Line 233:7:  'DEMO_SECTION_NAMES' is assigned a value but never used  no-unused-vars

src\components\LoginPage.js
  Line 36:17:  'data' is assigned a value but never used  no-unused-vars

src\components\TeacherDashboard.js
  Line 1:17:  'useState' is defined but never used  no-unused-vars

Search for the keywords to learn more about each warning.
To ignore, add // eslint-disable-next-line to the line before.

[1m[33mWARNING[39m[22m in [1m[eslint] 
src\App.js
  Line 233:7:  'DEMO_SECTION_NAMES' is assigned a value but never used  no-unused-vars

src\components\LoginPage.js
  Line 36:17:  'data' is assigned a value but never used  no-unused-vars

src\components\TeacherDashboard.js
  Line 1:17:  'useState' is defined but never used  no-unused-vars

[39m[22m

webpack compiled with [1m[33m1 warning[39m[22m
Compiling...
Compiled with warnings.

[eslint] 
src\App.js
  Line 233:7:  'DEMO_SECTION_NAMES' is assigned a value but never used  no-unused-vars

src\components\LoginPage.js
  Line 36:17:  'data' is assigned a value but never used  no-unused-vars

src\components\TeacherDashboard.js
  Line 1:17:  'useState' is defined but never used  no-unused-vars

Search for the keywords to learn more about each warning.
To ignore, add // eslint-disable-next-line to the line before.

[1m[33mWARNING[39m[22m in [1m[eslint] 
src\App.js
  Line 233:7:  'DEMO_SECTION_NAMES' is assigned a value but never used  no-unused-vars

src\components\LoginPage.js
  Line 36:17:  'data' is assigned a value but never used  no-unused-vars

src\components\TeacherDashboard.js
  Line 1:17:  'useState' is defined but never used  no-unused-vars

[39m[22m

webpack compiled with [1m[33m1 warning[39m[22m
Compiling...
Compiled with warnings.

[eslint] 
src\components\LoginPage.js
  Line 36:17:  'data' is assigned a value but never used  no-unused-vars

src\components\TeacherDashboard.js
  Line 1:17:  'useState' is defined but never used  no-unused-vars

Search for the keywords to learn more about each warning.
To ignore, add // eslint-disable-next-line to the line before.

[1m[33mWARNING[39m[22m in [1m[eslint] 
src\components\LoginPage.js
  Line 36:17:  'data' is assigned a value but never used  no-unused-vars

src\components\TeacherDashboard.js
  Line 1:17:  'useState' is defined but never used  no-unused-vars

[39m[22m

webpack compiled with [1m[33m1 warning[39m[22m
Compiling...
Compiled with warnings.

[eslint] 
src\components\LoginPage.js
  Line 36:17:  'data' is assigned a value but never used  no-unused-vars

src\components\TeacherDashboard.js
  Line 1:17:  'useState' is defined but never used  no-unused-vars

Search for the keywords to learn more about each warning.
To ignore, add // eslint-disable-next-line to the line before.

[1m[33mWARNING[39m[22m in [1m[eslint] 
src\components\LoginPage.js
  Line 36:17:  'data' is assigned a value but never used  no-unused-vars

src\components\TeacherDashboard.js
  Line 1:17:  'useState' is defined but never used  no-unused-vars

[39m[22m

webpack compiled with [1m[33m1 warning[39m[22m
Compiling...
Failed to compile.

[eslint] 
src\App.js
Syntax error: Missing initializer in destructuring declaration. (350:7) (350:7)
[1m[33mWARNING[39m[22m in [1m[eslint] 
src\components\LoginPage.js
  Line 36:17:  'data' is assigned a value but never used  no-unused-vars

src\components\TeacherDashboard.js
  Line 1:17:  'useState' is defined but never used  no-unused-vars

[39m[22m

[1m[31mERROR[39m[22m in [1m./src/App.js[39m[22m
Module build failed (from ./node_modules/babel-loader/lib/index.js):
SyntaxError: c:\Users\vastu\ai-timetablex\src\App.js: Missing initializer in destructuring declaration. (350:7)

[0m [90m 348 |[39m       }
 [90m 349 |[39m     loadCloudState()[33m;[39m
[31m[1m>[22m[39m[90m 350 |[39m   }[33m,[39m [])[33m;[39m
 [90m     |[39m        [31m[1m^[22m[39m
 [90m 351 |[39m
 [90m 352 |[39m   [90m// --- Auto-save to Supabase ---[39m
 [90m 353 |[39m   useEffect(() [33m=>[39m {[0m
    at constructor (c:\Users\vastu\ai-timetablex\node_modules\@babel\parser\lib\index.js:365:19)
    at FlowParserMixin.raise (c:\Users\vastu\ai-timetablex\node_modules\@babel\parser\lib\index.js:6599:19)
    at FlowParserMixin.parseVar (c:\Users\vastu\ai-timetablex\node_modules\@babel\parser\lib\index.js:13387:16)
    at FlowParserMixin.parseVarStatement (c:\Users\vastu\ai-timetablex\node_modules\@babel\parser\lib\index.js:13230:10)
    at FlowParserMixin.parseStatementContent (c:\Users\vastu\ai-timetablex\node_modules\@babel\parser\lib\index.js:12851:23)
    at FlowParserMixin.parseStatementLike (c:\Users\vastu\ai-timetablex\node_modules\@babel\parser\lib\index.js:12767:17)
    at FlowParserMixin.parseStatementLike (c:\Users\vastu\ai-timetablex\node_modules\@babel\parser\lib\index.js:2918:24)
    at FlowParserMixin.parseStatementListItem (c:\Users\vastu\ai-timetablex\node_modules\@babel\parser\lib\index.js:12747:17)
    at FlowParserMixin.parseBlockOrModuleBlockBody (c:\Users\vastu\ai-timetablex\node_modules\@babel\parser\lib\index.js:13316:61)
    at FlowParserMixin.parseBlockBody (c:\Users\vastu\ai-timetablex\node_modules\@babel\parser\lib\index.js:13309:10)
    at FlowParserMixin.parseBlock (c:\Users\vastu\ai-timetablex\node_modules\@babel\parser\lib\index.js:13297:10)
    at FlowParserMixin.parseFunctionBody (c:\Users\vastu\ai-timetablex\node_modules\@babel\parser\lib\index.js:12100:24)
    at c:\Users\vastu\ai-timetablex\node_modules\@babel\parser\lib\index.js:2892:63
    at FlowParserMixin.forwardNoArrowParamsConversionAt (c:\Users\vastu\ai-timetablex\node_modules\@babel\parser\lib\index.js:3068:16)
    at FlowParserMixin.parseFunctionBody (c:\Users\vastu\ai-timetablex\node_modules\@babel\parser\lib\index.js:2892:12)
    at FlowParserMixin.parseArrowExpression (c:\Users\vastu\ai-timetablex\node_modules\@babel\parser\lib\index.js:12075:10)
    at FlowParserMixin.parseParenAndDistinguishExpression (c:\Users\vastu\ai-timetablex\node_modules\@babel\parser\lib\index.js:11687:12)
    at FlowParserMixin.parseParenAndDistinguishExpression (c:\Users\vastu\ai-timetablex\node_modules\@babel\parser\lib\index.js:3591:18)
    at FlowParserMixin.parseExprAtom (c:\Users\vastu\ai-timetablex\node_modules\@babel\parser\lib\index.js:11331:23)
    at FlowParserMixin.parseExprAtom (c:\Users\vastu\ai-timetablex\node_modules\@babel\parser\lib\index.js:4764:20)
    at FlowParserMixin.parseExprSubscripts (c:\Users\vastu\ai-timetablex\node_modules\@babel\parser\lib\index.js:11081:23)
    at FlowParserMixin.parseUpdate (c:\Users\vastu\ai-timetablex\node_modules\@babel\parser\lib\index.js:11066:21)
    at FlowParserMixin.parseMaybeUnary (c:\Users\vastu\ai-timetablex\node_modules\@babel\parser\lib\index.js:11046:23)
    at FlowParserMixin.parseMaybeUnaryOrPrivate (c:\Users\vastu\ai-timetablex\node_modules\@babel\parser\lib\index.js:10899:61)
    at FlowParserMixin.parseExprOps (c:\Users\vastu\ai-timetablex\node_modules\@babel\parser\lib\index.js:10904:23)
    at FlowParserMixin.parseMaybeConditional (c:\Users\vastu\ai-timetablex\node_modules\@babel\parser\lib\index.js:10881:23)
    at FlowParserMixin.parseMaybeAssign (c:\Users\vastu\ai-timetablex\node_modules\@babel\parser\lib\index.js:10831:21)
    at FlowParserMixin.parseMaybeAssign (c:\Users\vastu\ai-timetablex\node_modules\@babel\parser\lib\index.js:3549:18)
    at c:\Users\vastu\ai-timetablex\node_modules\@babel\parser\lib\index.js:10800:39
    at FlowParserMixin.allowInAnd (c:\Users\vastu\ai-timetablex\node_modules\@babel\parser\lib\index.js:12426:12)
    at FlowParserMixin.parseMaybeAssignAllowIn (c:\Users\vastu\ai-timetablex\node_modules\@babel\parser\lib\index.js:10800:17)
    at FlowParserMixin.parseMaybeAssignAllowInOrVoidPattern (c:\Users\vastu\ai-timetablex\node_modules\@babel\parser\lib\index.js:12493:17)
    at FlowParserMixin.parseExprListItem (c:\Users\vastu\ai-timetablex\node_modules\@babel\parser\lib\index.js:12175:18)
    at FlowParserMixin.parseCallExpressionArguments (c:\Users\vastu\ai-timetablex\node_modules\@babel\parser\lib\index.js:11252:22)
    at FlowParserMixin.parseCoverCallAndAsyncArrowHead (c:\Users\vastu\ai-timetablex\node_modules\@babel\parser\lib\index.js:11186:29)
    at FlowParserMixin.parseSubscript (c:\Users\vastu\ai-timetablex\node_modules\@babel\parser\lib\index.js:11120:19)
    at FlowParserMixin.parseSubscript (c:\Users\vastu\ai-timetablex\node_modules\@babel\parser\lib\index.js:3650:18)
    at FlowParserMixin.parseSubscripts (c:\Users\vastu\ai-timetablex\node_modules\@babel\parser\lib\index.js:11094:19)
    at FlowParserMixin.parseSubscripts (c:\Users\vastu\ai-timetablex\node_modules\@babel\parser\lib\index.js:3616:18)
    at FlowParserMixin.parseExprSubscripts (c:\Users\vastu\ai-timetablex\node_modules\@babel\parser\lib\index.js:11085:17)
    at FlowParserMixin.parseUpdate (c:\Users\vastu\ai-timetablex\node_modules\@babel\parser\lib\index.js:11066:21)
    at FlowParserMixin.parseMaybeUnary (c:\Users\vastu\ai-timetablex\node_modules\@babel\parser\lib\index.js:11046:23)
    at FlowParserMixin.parseMaybeUnaryOrPrivate (c:\Users\vastu\ai-timetablex\node_modules\@babel\parser\lib\index.js:10899:61)
    at FlowParserMixin.parseExprOps (c:\Users\vastu\ai-timetablex\node_modules\@babel\parser\lib\index.js:10904:23)
    at FlowParserMixin.parseMaybeConditional (c:\Users\vastu\ai-timetablex\node_modules\@babel\parser\lib\index.js:10881:23)
    at FlowParserMixin.parseMaybeAssign (c:\Users\vastu\ai-timetablex\node_modules\@babel\parser\lib\index.js:10831:21)
    at FlowParserMixin.parseMaybeAssign (c:\Users\vastu\ai-timetablex\node_modules\@babel\parser\lib\index.js:3549:18)
    at FlowParserMixin.parseExpressionBase (c:\Users\vastu\ai-timetablex\node_modules\@babel\parser\lib\index.js:10784:23)
    at c:\Users\vastu\ai-timetablex\node_modules\@babel\parser\lib\index.js:10780:39
    at FlowParserMixin.allowInAnd (c:\Users\vastu\ai-timetablex\node_modules\@babel\parser\lib\index.js:12421:16)

[1m[31mERROR[39m[22m in [1m[eslint] 
src\App.js
  Line 350:7:  Parsing [1m[31merror[39m[22m[1m: Missing initializer in destructuring declaration. (350:7)

[39m[22m

webpack compiled with [1m[31m2 errors[39m[22m and [1m[33m1 warning[39m[22m
Compiling...
Compiled with warnings.

[eslint] 
src\App.js
  Line 320:10:  'isCloudLoaded' is assigned a value but never used  no-unused-vars
  Line 363:61:  'saveToCloud' was used before it was defined        no-use-before-define

src\components\LoginPage.js
  Line 36:17:  'data' is assigned a value but never used  no-unused-vars

src\components\TeacherDashboard.js
  Line 1:17:  'useState' is defined but never used  no-unused-vars

Search for the keywords to learn more about each warning.
To ignore, add // eslint-disable-next-line to the line before.

[1m[33mWARNING[39m[22m in [1m[eslint] 
src\App.js
  Line 320:10:  'isCloudLoaded' is assigned a value but never used  no-unused-vars
  Line 363:61:  'saveToCloud' was used before it was defined        no-use-before-define

src\components\LoginPage.js
  Line 36:17:  'data' is assigned a value but never used  no-unused-vars

src\components\TeacherDashboard.js
  Line 1:17:  'useState' is defined but never used  no-unused-vars

[39m[22m

webpack compiled with [1m[33m1 warning[39m[22m
Compiling...
Failed to compile.

[eslint] 
src\App.js
Syntax error: Unexpected token (320:0) (320:undefined)
[1m[33mWARNING[39m[22m in [1m[eslint] 
src\components\LoginPage.js
  Line 36:17:  'data' is assigned a value but never used  no-unused-vars

src\components\TeacherDashboard.js
  Line 1:17:  'useState' is defined but never used  no-unused-vars

[39m[22m

[1m[31mERROR[39m[22m in [1m./src/App.js[39m[22m
Module build failed (from ./node_modules/babel-loader/lib/index.js):
SyntaxError: c:\Users\vastu\ai-timetablex\src\App.js: Unexpected token (320:0)

[0m [90m 318 |[39m   [36mconst[39m [error[33m,[39m setError] [33m=[39m useState([36mnull[39m)[33m;[39m
 [90m 319 |[39m   [36mconst[39m [rescheduleNote[33m,[39m setRescheduleNote] [33m=[39m useState([32m""[39m)[33m;[39m
[31m[1m>[22m[39m[90m 320 |[39m [33m#[39m
 [90m     |[39m [31m[1m^[22m[39m
 [90m 321 |[39m
 [90m 322 |[39m   [90m// Load from Supabase on mount[39m
 [90m 323 |[39m   useEffect(() [33m=>[39m {[0m
    at constructor (c:\Users\vastu\ai-timetablex\node_modules\@babel\parser\lib\index.js:365:19)
    at FlowParserMixin.raise (c:\Users\vastu\ai-timetablex\node_modules\@babel\parser\lib\index.js:6599:19)
    at FlowParserMixin.unexpected (c:\Users\vastu\ai-timetablex\node_modules\@babel\parser\lib\index.js:6619:16)
    at FlowParserMixin.parseExprAtom (c:\Users\vastu\ai-timetablex\node_modules\@babel\parser\lib\index.js:11392:22)
    at FlowParserMixin.parseExprAtom (c:\Users\vastu\ai-timetablex\node_modules\@babel\parser\lib\index.js:4764:20)
    at FlowParserMixin.parseExprSubscripts (c:\Users\vastu\ai-timetablex\node_modules\@babel\parser\lib\index.js:11081:23)
    at FlowParserMixin.parseUpdate (c:\Users\vastu\ai-timetablex\node_modules\@babel\parser\lib\index.js:11066:21)
    at FlowParserMixin.parseMaybeUnary (c:\Users\vastu\ai-timetablex\node_modules\@babel\parser\lib\index.js:11046:23)
    at FlowParserMixin.parseMaybeUnaryOrPrivate (c:\Users\vastu\ai-timetablex\node_modules\@babel\parser\lib\index.js:10899:61)
    at FlowParserMixin.parseExprOps (c:\Users\vastu\ai-timetablex\node_modules\@babel\parser\lib\index.js:10904:23)
    at FlowParserMixin.parseMaybeConditional (c:\Users\vastu\ai-timetablex\node_modules\@babel\parser\lib\index.js:10881:23)
    at FlowParserMixin.parseMaybeAssign (c:\Users\vastu\ai-timetablex\node_modules\@babel\parser\lib\index.js:10831:21)
    at FlowParserMixin.parseMaybeAssign (c:\Users\vastu\ai-timetablex\node_modules\@babel\parser\lib\index.js:3549:18)
    at FlowParserMixin.parseExpressionBase (c:\Users\vastu\ai-timetablex\node_modules\@babel\parser\lib\index.js:10784:23)
    at c:\Users\vastu\ai-timetablex\node_modules\@babel\parser\lib\index.js:10780:39
    at FlowParserMixin.allowInAnd (c:\Users\vastu\ai-timetablex\node_modules\@babel\parser\lib\index.js:12421:16)
    at FlowParserMixin.parseExpression (c:\Users\vastu\ai-timetablex\node_modules\@babel\parser\lib\index.js:10780:17)
    at FlowParserMixin.parseStatementContent (c:\Users\vastu\ai-timetablex\node_modules\@babel\parser\lib\index.js:12895:23)
    at FlowParserMixin.parseStatementLike (c:\Users\vastu\ai-timetablex\node_modules\@babel\parser\lib\index.js:12767:17)
    at FlowParserMixin.parseStatementLike (c:\Users\vastu\ai-timetablex\node_modules\@babel\parser\lib\index.js:2918:24)
    at FlowParserMixin.parseStatementListItem (c:\Users\vastu\ai-timetablex\node_modules\@babel\parser\lib\index.js:12747:17)
    at FlowParserMixin.parseBlockOrModuleBlockBody (c:\Users\vastu\ai-timetablex\node_modules\@babel\parser\lib\index.js:13316:61)
    at FlowParserMixin.parseBlockBody (c:\Users\vastu\ai-timetablex\node_modules\@babel\parser\lib\index.js:13309:10)
    at FlowParserMixin.parseBlock (c:\Users\vastu\ai-timetablex\node_modules\@babel\parser\lib\index.js:13297:10)
    at FlowParserMixin.parseFunctionBody (c:\Users\vastu\ai-timetablex\node_modules\@babel\parser\lib\index.js:12100:24)
    at FlowParserMixin.parseFunctionBody (c:\Users\vastu\ai-timetablex\node_modules\@babel\parser\lib\index.js:2895:11)
    at FlowParserMixin.parseFunctionBodyAndFinish (c:\Users\vastu\ai-timetablex\node_modules\@babel\parser\lib\index.js:12086:10)
    at FlowParserMixin.parseFunctionBodyAndFinish (c:\Users\vastu\ai-timetablex\node_modules\@babel\parser\lib\index.js:2903:18)
    at c:\Users\vastu\ai-timetablex\node_modules\@babel\parser\lib\index.js:13445:12
    at FlowParserMixin.withSmartMixTopicForbiddingContext (c:\Users\vastu\ai-timetablex\node_modules\@babel\parser\lib\index.js:12403:14)
    at FlowParserMixin.parseFunction (c:\Users\vastu\ai-timetablex\node_modules\@babel\parser\lib\index.js:13444:10)
    at FlowParserMixin.parseExportDefaultExpression (c:\Users\vastu\ai-timetablex\node_modules\@babel\parser\lib\index.js:13907:19)
    at FlowParserMixin.parseExportDefaultExpression (c:\Users\vastu\ai-timetablex\node_modules\@babel\parser\lib\index.js:2966:18)
    at FlowParserMixin.parseExport (c:\Users\vastu\ai-timetablex\node_modules\@babel\parser\lib\index.js:13828:25)
    at FlowParserMixin.parseStatementContent (c:\Users\vastu\ai-timetablex\node_modules\@babel\parser\lib\index.js:12878:27)
    at FlowParserMixin.parseStatementLike (c:\Users\vastu\ai-timetablex\node_modules\@babel\parser\lib\index.js:12767:17)
    at FlowParserMixin.parseStatementLike (c:\Users\vastu\ai-timetablex\node_modules\@babel\parser\lib\index.js:2918:24)
    at FlowParserMixin.parseModuleItem (c:\Users\vastu\ai-timetablex\node_modules\@babel\parser\lib\index.js:12744:17)
    at FlowParserMixin.parseBlockOrModuleBlockBody (c:\Users\vastu\ai-timetablex\node_modules\@babel\parser\lib\index.js:13316:36)
    at FlowParserMixin.parseBlockBody (c:\Users\vastu\ai-timetablex\node_modules\@babel\parser\lib\index.js:13309:10)
    at FlowParserMixin.parseProgram (c:\Users\vastu\ai-timetablex\node_modules\@babel\parser\lib\index.js:12622:10)
    at FlowParserMixin.parseTopLevel (c:\Users\vastu\ai-timetablex\node_modules\@babel\parser\lib\index.js:12612:25)
    at FlowParserMixin.parseTopLevel (c:\Users\vastu\ai-timetablex\node_modules\@babel\parser\lib\index.js:3685:28)
    at FlowParserMixin.parse (c:\Users\vastu\ai-timetablex\node_modules\@babel\parser\lib\index.js:14488:25)
    at parse (c:\Users\vastu\ai-timetablex\node_modules\@babel\parser\lib\index.js:14522:38)
    at parser (c:\Users\vastu\ai-timetablex\node_modules\@babel\core\lib\parser\index.js:41:34)
    at parser.next (<anonymous>)
    at normalizeFile (c:\Users\vastu\ai-timetablex\node_modules\@babel\core\lib\transformation\normalize-file.js:64:37)
    at normalizeFile.next (<anonymous>)
    at run (c:\Users\vastu\ai-timetablex\node_modules\@babel\core\lib\transformation\index.js:22:50)

[1m[31mERROR[39m[22m in [1m[eslint] 
src\App.js
  Line 320:  Parsing [1m[31merror[39m[22m[1m: [1m[31mUnexpected[39m[22m[1m token (320:0)

[39m[22m

webpack compiled with [1m[31m2 errors[39m[22m and [1m[33m1 warning[39m[22m
Compiling...
Failed to compile.

[eslint] 
src\App.js
Syntax error: Unexpected token (320:0) (320:undefined)
[1m[33mWARNING[39m[22m in [1m[eslint] 
src\components\LoginPage.js
  Line 36:17:  'data' is assigned a value but never used  no-unused-vars

src\components\TeacherDashboard.js
  Line 1:17:  'useState' is defined but never used  no-unused-vars

[39m[22m

[1m[31mERROR[39m[22m in [1m./src/App.js[39m[22m
Module build failed (from ./node_modules/babel-loader/lib/index.js):
SyntaxError: c:\Users\vastu\ai-timetablex\src\App.js: Unexpected token (320:0)

[0m [90m 318 |[39m   [36mconst[39m [error[33m,[39m setError] [33m=[39m useState([36mnull[39m)[33m;[39m
 [90m 319 |[39m   [36mconst[39m [rescheduleNote[33m,[39m setRescheduleNote] [33m=[39m useState([32m""[39m)[33m;[39m
[31m[1m>[22m[39m[90m 320 |[39m [33m#[39m
 [90m     |[39m [31m[1m^[22m[39m
 [90m 321 |[39m
 [90m 322 |[39m   [90m// Load from Supabase on mount[39m
 [90m 323 |[39m   useEffect(() [33m=>[39m {[0m
    at constructor (c:\Users\vastu\ai-timetablex\node_modules\@babel\parser\lib\index.js:365:19)
    at FlowParserMixin.raise (c:\Users\vastu\ai-timetablex\node_modules\@babel\parser\lib\index.js:6599:19)
    at FlowParserMixin.unexpected (c:\Users\vastu\ai-timetablex\node_modules\@babel\parser\lib\index.js:6619:16)
    at FlowParserMixin.parseExprAtom (c:\Users\vastu\ai-timetablex\node_modules\@babel\parser\lib\index.js:11392:22)
    at FlowParserMixin.parseExprAtom (c:\Users\vastu\ai-timetablex\node_modules\@babel\parser\lib\index.js:4764:20)
    at FlowParserMixin.parseExprSubscripts (c:\Users\vastu\ai-timetablex\node_modules\@babel\parser\lib\index.js:11081:23)
    at FlowParserMixin.parseUpdate (c:\Users\vastu\ai-timetablex\node_modules\@babel\parser\lib\index.js:11066:21)
    at FlowParserMixin.parseMaybeUnary (c:\Users\vastu\ai-timetablex\node_modules\@babel\parser\lib\index.js:11046:23)
    at FlowParserMixin.parseMaybeUnaryOrPrivate (c:\Users\vastu\ai-timetablex\node_modules\@babel\parser\lib\index.js:10899:61)
    at FlowParserMixin.parseExprOps (c:\Users\vastu\ai-timetablex\node_modules\@babel\parser\lib\index.js:10904:23)
    at FlowParserMixin.parseMaybeConditional (c:\Users\vastu\ai-timetablex\node_modules\@babel\parser\lib\index.js:10881:23)
    at FlowParserMixin.parseMaybeAssign (c:\Users\vastu\ai-timetablex\node_modules\@babel\parser\lib\index.js:10831:21)
    at FlowParserMixin.parseMaybeAssign (c:\Users\vastu\ai-timetablex\node_modules\@babel\parser\lib\index.js:3549:18)
    at FlowParserMixin.parseExpressionBase (c:\Users\vastu\ai-timetablex\node_modules\@babel\parser\lib\index.js:10784:23)
    at c:\Users\vastu\ai-timetablex\node_modules\@babel\parser\lib\index.js:10780:39
    at FlowParserMixin.allowInAnd (c:\Users\vastu\ai-timetablex\node_modules\@babel\parser\lib\index.js:12421:16)
    at FlowParserMixin.parseExpression (c:\Users\vastu\ai-timetablex\node_modules\@babel\parser\lib\index.js:10780:17)
    at FlowParserMixin.parseStatementContent (c:\Users\vastu\ai-timetablex\node_modules\@babel\parser\lib\index.js:12895:23)
    at FlowParserMixin.parseStatementLike (c:\Users\vastu\ai-timetablex\node_modules\@babel\parser\lib\index.js:12767:17)
    at FlowParserMixin.parseStatementLike (c:\Users\vastu\ai-timetablex\node_modules\@babel\parser\lib\index.js:2918:24)
    at FlowParserMixin.parseStatementListItem (c:\Users\vastu\ai-timetablex\node_modules\@babel\parser\lib\index.js:12747:17)
    at FlowParserMixin.parseBlockOrModuleBlockBody (c:\Users\vastu\ai-timetablex\node_modules\@babel\parser\lib\index.js:13316:61)
    at FlowParserMixin.parseBlockBody (c:\Users\vastu\ai-timetablex\node_modules\@babel\parser\lib\index.js:13309:10)
    at FlowParserMixin.parseBlock (c:\Users\vastu\ai-timetablex\node_modules\@babel\parser\lib\index.js:13297:10)
    at FlowParserMixin.parseFunctionBody (c:\Users\vastu\ai-timetablex\node_modules\@babel\parser\lib\index.js:12100:24)
    at FlowParserMixin.parseFunctionBody (c:\Users\vastu\ai-timetablex\node_modules\@babel\parser\lib\index.js:2895:11)
    at FlowParserMixin.parseFunctionBodyAndFinish (c:\Users\vastu\ai-timetablex\node_modules\@babel\parser\lib\index.js:12086:10)
    at FlowParserMixin.parseFunctionBodyAndFinish (c:\Users\vastu\ai-timetablex\node_modules\@babel\parser\lib\index.js:2903:18)
    at c:\Users\vastu\ai-timetablex\node_modules\@babel\parser\lib\index.js:13445:12
    at FlowParserMixin.withSmartMixTopicForbiddingContext (c:\Users\vastu\ai-timetablex\node_modules\@babel\parser\lib\index.js:12403:14)
    at FlowParserMixin.parseFunction (c:\Users\vastu\ai-timetablex\node_modules\@babel\parser\lib\index.js:13444:10)
    at FlowParserMixin.parseExportDefaultExpression (c:\Users\vastu\ai-timetablex\node_modules\@babel\parser\lib\index.js:13907:19)
    at FlowParserMixin.parseExportDefaultExpression (c:\Users\vastu\ai-timetablex\node_modules\@babel\parser\lib\index.js:2966:18)
    at FlowParserMixin.parseExport (c:\Users\vastu\ai-timetablex\node_modules\@babel\parser\lib\index.js:13828:25)
    at FlowParserMixin.parseStatementContent (c:\Users\vastu\ai-timetablex\node_modules\@babel\parser\lib\index.js:12878:27)
    at FlowParserMixin.parseStatementLike (c:\Users\vastu\ai-timetablex\node_modules\@babel\parser\lib\index.js:12767:17)
    at FlowParserMixin.parseStatementLike (c:\Users\vastu\ai-timetablex\node_modules\@babel\parser\lib\index.js:2918:24)
    at FlowParserMixin.parseModuleItem (c:\Users\vastu\ai-timetablex\node_modules\@babel\parser\lib\index.js:12744:17)
    at FlowParserMixin.parseBlockOrModuleBlockBody (c:\Users\vastu\ai-timetablex\node_modules\@babel\parser\lib\index.js:13316:36)
    at FlowParserMixin.parseBlockBody (c:\Users\vastu\ai-timetablex\node_modules\@babel\parser\lib\index.js:13309:10)
    at FlowParserMixin.parseProgram (c:\Users\vastu\ai-timetablex\node_modules\@babel\parser\lib\index.js:12622:10)
    at FlowParserMixin.parseTopLevel (c:\Users\vastu\ai-timetablex\node_modules\@babel\parser\lib\index.js:12612:25)
    at FlowParserMixin.parseTopLevel (c:\Users\vastu\ai-timetablex\node_modules\@babel\parser\lib\index.js:3685:28)
    at FlowParserMixin.parse (c:\Users\vastu\ai-timetablex\node_modules\@babel\parser\lib\index.js:14488:25)
    at parse (c:\Users\vastu\ai-timetablex\node_modules\@babel\parser\lib\index.js:14522:38)
    at parser (c:\Users\vastu\ai-timetablex\node_modules\@babel\core\lib\parser\index.js:41:34)
    at parser.next (<anonymous>)
    at normalizeFile (c:\Users\vastu\ai-timetablex\node_modules\@babel\core\lib\transformation\normalize-file.js:64:37)
    at normalizeFile.next (<anonymous>)
    at run (c:\Users\vastu\ai-timetablex\node_modules\@babel\core\lib\transformation\index.js:22:50)

[1m[31mERROR[39m[22m in [1m[eslint] 
src\App.js
  Line 320:  Parsing [1m[31merror[39m[22m[1m: [1m[31mUnexpected[39m[22m[1m token (320:0)

[39m[22m

webpack compiled with [1m[31m2 errors[39m[22m and [1m[33m1 warning[39m[22m
Compiling...
Failed to compile.

[eslint] 
src\App.js
Syntax error: Missing initializer in destructuring declaration. (350:7) (350:7)
[1m[33mWARNING[39m[22m in [1m[eslint] 
src\components\LoginPage.js
  Line 36:17:  'data' is assigned a value but never used  no-unused-vars

src\components\TeacherDashboard.js
  Line 1:17:  'useState' is defined but never used  no-unused-vars

[39m[22m

[1m[31mERROR[39m[22m in [1m./src/App.js[39m[22m
Module build failed (from ./node_modules/babel-loader/lib/index.js):
SyntaxError: c:\Users\vastu\ai-timetablex\src\App.js: Missing initializer in destructuring declaration. (350:7)

[0m [90m 348 |[39m       }
 [90m 349 |[39m     loadCloudState()[33m;[39m
[31m[1m>[22m[39m[90m 350 |[39m   }[33m,[39m [])[33m;[39m
 [90m     |[39m        [31m[1m^[22m[39m
 [90m 351 |[39m
 [90m 352 |[39m   [90m// --- Auto-save to Supabase ---[39m
 [90m 353 |[39m   useEffect(() [33m=>[39m {[0m
    at constructor (c:\Users\vastu\ai-timetablex\node_modules\@babel\parser\lib\index.js:365:19)
    at FlowParserMixin.raise (c:\Users\vastu\ai-timetablex\node_modules\@babel\parser\lib\index.js:6599:19)
    at FlowParserMixin.parseVar (c:\Users\vastu\ai-timetablex\node_modules\@babel\parser\lib\index.js:13387:16)
    at FlowParserMixin.parseVarStatement (c:\Users\vastu\ai-timetablex\node_modules\@babel\parser\lib\index.js:13230:10)
    at FlowParserMixin.parseStatementContent (c:\Users\vastu\ai-timetablex\node_modules\@babel\parser\lib\index.js:12851:23)
    at FlowParserMixin.parseStatementLike (c:\Users\vastu\ai-timetablex\node_modules\@babel\parser\lib\index.js:12767:17)
    at FlowParserMixin.parseStatementLike (c:\Users\vastu\ai-timetablex\node_modules\@babel\parser\lib\index.js:2918:24)
    at FlowParserMixin.parseStatementListItem (c:\Users\vastu\ai-timetablex\node_modules\@babel\parser\lib\index.js:12747:17)
    at FlowParserMixin.parseBlockOrModuleBlockBody (c:\Users\vastu\ai-timetablex\node_modules\@babel\parser\lib\index.js:13316:61)
    at FlowParserMixin.parseBlockBody (c:\Users\vastu\ai-timetablex\node_modules\@babel\parser\lib\index.js:13309:10)
    at FlowParserMixin.parseBlock (c:\Users\vastu\ai-timetablex\node_modules\@babel\parser\lib\index.js:13297:10)
    at FlowParserMixin.parseFunctionBody (c:\Users\vastu\ai-timetablex\node_modules\@babel\parser\lib\index.js:12100:24)
    at c:\Users\vastu\ai-timetablex\node_modules\@babel\parser\lib\index.js:2892:63
    at FlowParserMixin.forwardNoArrowParamsConversionAt (c:\Users\vastu\ai-timetablex\node_modules\@babel\parser\lib\index.js:3068:16)
    at FlowParserMixin.parseFunctionBody (c:\Users\vastu\ai-timetablex\node_modules\@babel\parser\lib\index.js:2892:12)
    at FlowParserMixin.parseArrowExpression (c:\Users\vastu\ai-timetablex\node_modules\@babel\parser\lib\index.js:12075:10)
    at FlowParserMixin.parseParenAndDistinguishExpression (c:\Users\vastu\ai-timetablex\node_modules\@babel\parser\lib\index.js:11687:12)
    at FlowParserMixin.parseParenAndDistinguishExpression (c:\Users\vastu\ai-timetablex\node_modules\@babel\parser\lib\index.js:3591:18)
    at FlowParserMixin.parseExprAtom (c:\Users\vastu\ai-timetablex\node_modules\@babel\parser\lib\index.js:11331:23)
    at FlowParserMixin.parseExprAtom (c:\Users\vastu\ai-timetablex\node_modules\@babel\parser\lib\index.js:4764:20)
    at FlowParserMixin.parseExprSubscripts (c:\Users\vastu\ai-timetablex\node_modules\@babel\parser\lib\index.js:11081:23)
    at FlowParserMixin.parseUpdate (c:\Users\vastu\ai-timetablex\node_modules\@babel\parser\lib\index.js:11066:21)
    at FlowParserMixin.parseMaybeUnary (c:\Users\vastu\ai-timetablex\node_modules\@babel\parser\lib\index.js:11046:23)
    at FlowParserMixin.parseMaybeUnaryOrPrivate (c:\Users\vastu\ai-timetablex\node_modules\@babel\parser\lib\index.js:10899:61)
    at FlowParserMixin.parseExprOps (c:\Users\vastu\ai-timetablex\node_modules\@babel\parser\lib\index.js:10904:23)
    at FlowParserMixin.parseMaybeConditional (c:\Users\vastu\ai-timetablex\node_modules\@babel\parser\lib\index.js:10881:23)
    at FlowParserMixin.parseMaybeAssign (c:\Users\vastu\ai-timetablex\node_modules\@babel\parser\lib\index.js:10831:21)
    at FlowParserMixin.parseMaybeAssign (c:\Users\vastu\ai-timetablex\node_modules\@babel\parser\lib\index.js:3549:18)
    at c:\Users\vastu\ai-timetablex\node_modules\@babel\parser\lib\index.js:10800:39
    at FlowParserMixin.allowInAnd (c:\Users\vastu\ai-timetablex\node_modules\@babel\parser\lib\index.js:12426:12)
    at FlowParserMixin.parseMaybeAssignAllowIn (c:\Users\vastu\ai-timetablex\node_modules\@babel\parser\lib\index.js:10800:17)
    at FlowParserMixin.parseMaybeAssignAllowInOrVoidPattern (c:\Users\vastu\ai-timetablex\node_modules\@babel\parser\lib\index.js:12493:17)
    at FlowParserMixin.parseExprListItem (c:\Users\vastu\ai-timetablex\node_modules\@babel\parser\lib\index.js:12175:18)
    at FlowParserMixin.parseCallExpressionArguments (c:\Users\vastu\ai-timetablex\node_modules\@babel\parser\lib\index.js:11252:22)
    at FlowParserMixin.parseCoverCallAndAsyncArrowHead (c:\Users\vastu\ai-timetablex\node_modules\@babel\parser\lib\index.js:11186:29)
    at FlowParserMixin.parseSubscript (c:\Users\vastu\ai-timetablex\node_modules\@babel\parser\lib\index.js:11120:19)
    at FlowParserMixin.parseSubscript (c:\Users\vastu\ai-timetablex\node_modules\@babel\parser\lib\index.js:3650:18)
    at FlowParserMixin.parseSubscripts (c:\Users\vastu\ai-timetablex\node_modules\@babel\parser\lib\index.js:11094:19)
    at FlowParserMixin.parseSubscripts (c:\Users\vastu\ai-timetablex\node_modules\@babel\parser\lib\index.js:3616:18)
    at FlowParserMixin.parseExprSubscripts (c:\Users\vastu\ai-timetablex\node_modules\@babel\parser\lib\index.js:11085:17)
    at FlowParserMixin.parseUpdate (c:\Users\vastu\ai-timetablex\node_modules\@babel\parser\lib\index.js:11066:21)
    at FlowParserMixin.parseMaybeUnary (c:\Users\vastu\ai-timetablex\node_modules\@babel\parser\lib\index.js:11046:23)
    at FlowParserMixin.parseMaybeUnaryOrPrivate (c:\Users\vastu\ai-timetablex\node_modules\@babel\parser\lib\index.js:10899:61)
    at FlowParserMixin.parseExprOps (c:\Users\vastu\ai-timetablex\node_modules\@babel\parser\lib\index.js:10904:23)
    at FlowParserMixin.parseMaybeConditional (c:\Users\vastu\ai-timetablex\node_modules\@babel\parser\lib\index.js:10881:23)
    at FlowParserMixin.parseMaybeAssign (c:\Users\vastu\ai-timetablex\node_modules\@babel\parser\lib\index.js:10831:21)
    at FlowParserMixin.parseMaybeAssign (c:\Users\vastu\ai-timetablex\node_modules\@babel\parser\lib\index.js:3549:18)
    at FlowParserMixin.parseExpressionBase (c:\Users\vastu\ai-timetablex\node_modules\@babel\parser\lib\index.js:10784:23)
    at c:\Users\vastu\ai-timetablex\node_modules\@babel\parser\lib\index.js:10780:39
    at FlowParserMixin.allowInAnd (c:\Users\vastu\ai-timetablex\node_modules\@babel\parser\lib\index.js:12421:16)

[1m[31mERROR[39m[22m in [1m[eslint] 
src\App.js
  Line 350:7:  Parsing [1m[31merror[39m[22m[1m: Missing initializer in destructuring declaration. (350:7)

[39m[22m

webpack compiled with [1m[31m2 errors[39m[22m and [1m[33m1 warning[39m[22m
Compiling...
Failed to compile.

[eslint] 
src\App.js
Syntax error: Unexpected token (320:0) (320:undefined)
[1m[33mWARNING[39m[22m in [1m[eslint] 
src\components\LoginPage.js
  Line 36:17:  'data' is assigned a value but never used  no-unused-vars

src\components\TeacherDashboard.js
  Line 1:17:  'useState' is defined but never used  no-unused-vars

[39m[22m

[1m[31mERROR[39m[22m in [1m./src/App.js[39m[22m
Module build failed (from ./node_modules/babel-loader/lib/index.js):
SyntaxError: c:\Users\vastu\ai-timetablex\src\App.js: Unexpected token (320:0)

[0m [90m 318 |[39m   [36mconst[39m [error[33m,[39m setError] [33m=[39m useState([36mnull[39m)[33m;[39m
 [90m 319 |[39m   [36mconst[39m [rescheduleNote[33m,[39m setRescheduleNote] [33m=[39m useState([32m""[39m)[33m;[39m
[31m[1m>[22m[39m[90m 320 |[39m [33m#[39m
 [90m     |[39m [31m[1m^[22m[39m
 [90m 321 |[39m
 [90m 322 |[39m   [90m// Load from Supabase on mount[39m
 [90m 323 |[39m   useEffect(() [33m=>[39m {[0m
    at constructor (c:\Users\vastu\ai-timetablex\node_modules\@babel\parser\lib\index.js:365:19)
    at FlowParserMixin.raise (c:\Users\vastu\ai-timetablex\node_modules\@babel\parser\lib\index.js:6599:19)
    at FlowParserMixin.unexpected (c:\Users\vastu\ai-timetablex\node_modules\@babel\parser\lib\index.js:6619:16)
    at FlowParserMixin.parseExprAtom (c:\Users\vastu\ai-timetablex\node_modules\@babel\parser\lib\index.js:11392:22)
    at FlowParserMixin.parseExprAtom (c:\Users\vastu\ai-timetablex\node_modules\@babel\parser\lib\index.js:4764:20)
    at FlowParserMixin.parseExprSubscripts (c:\Users\vastu\ai-timetablex\node_modules\@babel\parser\lib\index.js:11081:23)
    at FlowParserMixin.parseUpdate (c:\Users\vastu\ai-timetablex\node_modules\@babel\parser\lib\index.js:11066:21)
    at FlowParserMixin.parseMaybeUnary (c:\Users\vastu\ai-timetablex\node_modules\@babel\parser\lib\index.js:11046:23)
    at FlowParserMixin.parseMaybeUnaryOrPrivate (c:\Users\vastu\ai-timetablex\node_modules\@babel\parser\lib\index.js:10899:61)
    at FlowParserMixin.parseExprOps (c:\Users\vastu\ai-timetablex\node_modules\@babel\parser\lib\index.js:10904:23)
    at FlowParserMixin.parseMaybeConditional (c:\Users\vastu\ai-timetablex\node_modules\@babel\parser\lib\index.js:10881:23)
    at FlowParserMixin.parseMaybeAssign (c:\Users\vastu\ai-timetablex\node_modules\@babel\parser\lib\index.js:10831:21)
    at FlowParserMixin.parseMaybeAssign (c:\Users\vastu\ai-timetablex\node_modules\@babel\parser\lib\index.js:3549:18)
    at FlowParserMixin.parseExpressionBase (c:\Users\vastu\ai-timetablex\node_modules\@babel\parser\lib\index.js:10784:23)
    at c:\Users\vastu\ai-timetablex\node_modules\@babel\parser\lib\index.js:10780:39
    at FlowParserMixin.allowInAnd (c:\Users\vastu\ai-timetablex\node_modules\@babel\parser\lib\index.js:12421:16)
    at FlowParserMixin.parseExpression (c:\Users\vastu\ai-timetablex\node_modules\@babel\parser\lib\index.js:10780:17)
    at FlowParserMixin.parseStatementContent (c:\Users\vastu\ai-timetablex\node_modules\@babel\parser\lib\index.js:12895:23)
    at FlowParserMixin.parseStatementLike (c:\Users\vastu\ai-timetablex\node_modules\@babel\parser\lib\index.js:12767:17)
    at FlowParserMixin.parseStatementLike (c:\Users\vastu\ai-timetablex\node_modules\@babel\parser\lib\index.js:2918:24)
    at FlowParserMixin.parseStatementListItem (c:\Users\vastu\ai-timetablex\node_modules\@babel\parser\lib\index.js:12747:17)
    at FlowParserMixin.parseBlockOrModuleBlockBody (c:\Users\vastu\ai-timetablex\node_modules\@babel\parser\lib\index.js:13316:61)
    at FlowParserMixin.parseBlockBody (c:\Users\vastu\ai-timetablex\node_modules\@babel\parser\lib\index.js:13309:10)
    at FlowParserMixin.parseBlock (c:\Users\vastu\ai-timetablex\node_modules\@babel\parser\lib\index.js:13297:10)
    at FlowParserMixin.parseFunctionBody (c:\Users\vastu\ai-timetablex\node_modules\@babel\parser\lib\index.js:12100:24)
    at FlowParserMixin.parseFunctionBody (c:\Users\vastu\ai-timetablex\node_modules\@babel\parser\lib\index.js:2895:11)
    at FlowParserMixin.parseFunctionBodyAndFinish (c:\Users\vastu\ai-timetablex\node_modules\@babel\parser\lib\index.js:12086:10)
    at FlowParserMixin.parseFunctionBodyAndFinish (c:\Users\vastu\ai-timetablex\node_modules\@babel\parser\lib\index.js:2903:18)
    at c:\Users\vastu\ai-timetablex\node_modules\@babel\parser\lib\index.js:13445:12
    at FlowParserMixin.withSmartMixTopicForbiddingContext (c:\Users\vastu\ai-timetablex\node_modules\@babel\parser\lib\index.js:12403:14)
    at FlowParserMixin.parseFunction (c:\Users\vastu\ai-timetablex\node_modules\@babel\parser\lib\index.js:13444:10)
    at FlowParserMixin.parseExportDefaultExpression (c:\Users\vastu\ai-timetablex\node_modules\@babel\parser\lib\index.js:13907:19)
    at FlowParserMixin.parseExportDefaultExpression (c:\Users\vastu\ai-timetablex\node_modules\@babel\parser\lib\index.js:2966:18)
    at FlowParserMixin.parseExport (c:\Users\vastu\ai-timetablex\node_modules\@babel\parser\lib\index.js:13828:25)
    at FlowParserMixin.parseStatementContent (c:\Users\vastu\ai-timetablex\node_modules\@babel\parser\lib\index.js:12878:27)
    at FlowParserMixin.parseStatementLike (c:\Users\vastu\ai-timetablex\node_modules\@babel\parser\lib\index.js:12767:17)
    at FlowParserMixin.parseStatementLike (c:\Users\vastu\ai-timetablex\node_modules\@babel\parser\lib\index.js:2918:24)
    at FlowParserMixin.parseModuleItem (c:\Users\vastu\ai-timetablex\node_modules\@babel\parser\lib\index.js:12744:17)
    at FlowParserMixin.parseBlockOrModuleBlockBody (c:\Users\vastu\ai-timetablex\node_modules\@babel\parser\lib\index.js:13316:36)
    at FlowParserMixin.parseBlockBody (c:\Users\vastu\ai-timetablex\node_modules\@babel\parser\lib\index.js:13309:10)
    at FlowParserMixin.parseProgram (c:\Users\vastu\ai-timetablex\node_modules\@babel\parser\lib\index.js:12622:10)
    at FlowParserMixin.parseTopLevel (c:\Users\vastu\ai-timetablex\node_modules\@babel\parser\lib\index.js:12612:25)
    at FlowParserMixin.parseTopLevel (c:\Users\vastu\ai-timetablex\node_modules\@babel\parser\lib\index.js:3685:28)
    at FlowParserMixin.parse (c:\Users\vastu\ai-timetablex\node_modules\@babel\parser\lib\index.js:14488:25)
    at parse (c:\Users\vastu\ai-timetablex\node_modules\@babel\parser\lib\index.js:14522:38)
    at parser (c:\Users\vastu\ai-timetablex\node_modules\@babel\core\lib\parser\index.js:41:34)
    at parser.next (<anonymous>)
    at normalizeFile (c:\Users\vastu\ai-timetablex\node_modules\@babel\core\lib\transformation\normalize-file.js:64:37)
    at normalizeFile.next (<anonymous>)
    at run (c:\Users\vastu\ai-timetablex\node_modules\@babel\core\lib\transformation\index.js:22:50)

[1m[31mERROR[39m[22m in [1m[eslint] 
src\App.js
  Line 320:  Parsing [1m[31merror[39m[22m[1m: [1m[31mUnexpected[39m[22m[1m token (320:0)

[39m[22m

webpack compiled with [1m[31m2 errors[39m[22m and [1m[33m1 warning[39m[22m
Compiling...
Failed to compile.

[eslint] 
src\App.js
Syntax error: Missing initializer in destructuring declaration. (350:7) (350:7)
[1m[33mWARNING[39m[22m in [1m[eslint] 
src\components\LoginPage.js
  Line 36:17:  'data' is assigned a value but never used  no-unused-vars

src\components\TeacherDashboard.js
  Line 1:17:  'useState' is defined but never used  no-unused-vars

[39m[22m

[1m[31mERROR[39m[22m in [1m./src/App.js[39m[22m
Module build failed (from ./node_modules/babel-loader/lib/index.js):
SyntaxError: c:\Users\vastu\ai-timetablex\src\App.js: Missing initializer in destructuring declaration. (350:7)

[0m [90m 348 |[39m       }
 [90m 349 |[39m     loadCloudState()[33m;[39m
[31m[1m>[22m[39m[90m 350 |[39m   }[33m,[39m [])[33m;[39m
 [90m     |[39m        [31m[1m^[22m[39m
 [90m 351 |[39m
 [90m 352 |[39m   [90m// --- Auto-save to Supabase ---[39m
 [90m 353 |[39m   useEffect(() [33m=>[39m {[0m
    at constructor (c:\Users\vastu\ai-timetablex\node_modules\@babel\parser\lib\index.js:365:19)
    at FlowParserMixin.raise (c:\Users\vastu\ai-timetablex\node_modules\@babel\parser\lib\index.js:6599:19)
    at FlowParserMixin.parseVar (c:\Users\vastu\ai-timetablex\node_modules\@babel\parser\lib\index.js:13387:16)
    at FlowParserMixin.parseVarStatement (c:\Users\vastu\ai-timetablex\node_modules\@babel\parser\lib\index.js:13230:10)
    at FlowParserMixin.parseStatementContent (c:\Users\vastu\ai-timetablex\node_modules\@babel\parser\lib\index.js:12851:23)
    at FlowParserMixin.parseStatementLike (c:\Users\vastu\ai-timetablex\node_modules\@babel\parser\lib\index.js:12767:17)
    at FlowParserMixin.parseStatementLike (c:\Users\vastu\ai-timetablex\node_modules\@babel\parser\lib\index.js:2918:24)
    at FlowParserMixin.parseStatementListItem (c:\Users\vastu\ai-timetablex\node_modules\@babel\parser\lib\index.js:12747:17)
    at FlowParserMixin.parseBlockOrModuleBlockBody (c:\Users\vastu\ai-timetablex\node_modules\@babel\parser\lib\index.js:13316:61)
    at FlowParserMixin.parseBlockBody (c:\Users\vastu\ai-timetablex\node_modules\@babel\parser\lib\index.js:13309:10)
    at FlowParserMixin.parseBlock (c:\Users\vastu\ai-timetablex\node_modules\@babel\parser\lib\index.js:13297:10)
    at FlowParserMixin.parseFunctionBody (c:\Users\vastu\ai-timetablex\node_modules\@babel\parser\lib\index.js:12100:24)
    at c:\Users\vastu\ai-timetablex\node_modules\@babel\parser\lib\index.js:2892:63
    at FlowParserMixin.forwardNoArrowParamsConversionAt (c:\Users\vastu\ai-timetablex\node_modules\@babel\parser\lib\index.js:3068:16)
    at FlowParserMixin.parseFunctionBody (c:\Users\vastu\ai-timetablex\node_modules\@babel\parser\lib\index.js:2892:12)
    at FlowParserMixin.parseArrowExpression (c:\Users\vastu\ai-timetablex\node_modules\@babel\parser\lib\index.js:12075:10)
    at FlowParserMixin.parseParenAndDistinguishExpression (c:\Users\vastu\ai-timetablex\node_modules\@babel\parser\lib\index.js:11687:12)
    at FlowParserMixin.parseParenAndDistinguishExpression (c:\Users\vastu\ai-timetablex\node_modules\@babel\parser\lib\index.js:3591:18)
    at FlowParserMixin.parseExprAtom (c:\Users\vastu\ai-timetablex\node_modules\@babel\parser\lib\index.js:11331:23)
    at FlowParserMixin.parseExprAtom (c:\Users\vastu\ai-timetablex\node_modules\@babel\parser\lib\index.js:4764:20)
    at FlowParserMixin.parseExprSubscripts (c:\Users\vastu\ai-timetablex\node_modules\@babel\parser\lib\index.js:11081:23)
    at FlowParserMixin.parseUpdate (c:\Users\vastu\ai-timetablex\node_modules\@babel\parser\lib\index.js:11066:21)
    at FlowParserMixin.parseMaybeUnary (c:\Users\vastu\ai-timetablex\node_modules\@babel\parser\lib\index.js:11046:23)
    at FlowParserMixin.parseMaybeUnaryOrPrivate (c:\Users\vastu\ai-timetablex\node_modules\@babel\parser\lib\index.js:10899:61)
    at FlowParserMixin.parseExprOps (c:\Users\vastu\ai-timetablex\node_modules\@babel\parser\lib\index.js:10904:23)
    at FlowParserMixin.parseMaybeConditional (c:\Users\vastu\ai-timetablex\node_modules\@babel\parser\lib\index.js:10881:23)
    at FlowParserMixin.parseMaybeAssign (c:\Users\vastu\ai-timetablex\node_modules\@babel\parser\lib\index.js:10831:21)
    at FlowParserMixin.parseMaybeAssign (c:\Users\vastu\ai-timetablex\node_modules\@babel\parser\lib\index.js:3549:18)
    at c:\Users\vastu\ai-timetablex\node_modules\@babel\parser\lib\index.js:10800:39
    at FlowParserMixin.allowInAnd (c:\Users\vastu\ai-timetablex\node_modules\@babel\parser\lib\index.js:12426:12)
    at FlowParserMixin.parseMaybeAssignAllowIn (c:\Users\vastu\ai-timetablex\node_modules\@babel\parser\lib\index.js:10800:17)
    at FlowParserMixin.parseMaybeAssignAllowInOrVoidPattern (c:\Users\vastu\ai-timetablex\node_modules\@babel\parser\lib\index.js:12493:17)
    at FlowParserMixin.parseExprListItem (c:\Users\vastu\ai-timetablex\node_modules\@babel\parser\lib\index.js:12175:18)
    at FlowParserMixin.parseCallExpressionArguments (c:\Users\vastu\ai-timetablex\node_modules\@babel\parser\lib\index.js:11252:22)
    at FlowParserMixin.parseCoverCallAndAsyncArrowHead (c:\Users\vastu\ai-timetablex\node_modules\@babel\parser\lib\index.js:11186:29)
    at FlowParserMixin.parseSubscript (c:\Users\vastu\ai-timetablex\node_modules\@babel\parser\lib\index.js:11120:19)
    at FlowParserMixin.parseSubscript (c:\Users\vastu\ai-timetablex\node_modules\@babel\parser\lib\index.js:3650:18)
    at FlowParserMixin.parseSubscripts (c:\Users\vastu\ai-timetablex\node_modules\@babel\parser\lib\index.js:11094:19)
    at FlowParserMixin.parseSubscripts (c:\Users\vastu\ai-timetablex\node_modules\@babel\parser\lib\index.js:3616:18)
    at FlowParserMixin.parseExprSubscripts (c:\Users\vastu\ai-timetablex\node_modules\@babel\parser\lib\index.js:11085:17)
    at FlowParserMixin.parseUpdate (c:\Users\vastu\ai-timetablex\node_modules\@babel\parser\lib\index.js:11066:21)
    at FlowParserMixin.parseMaybeUnary (c:\Users\vastu\ai-timetablex\node_modules\@babel\parser\lib\index.js:11046:23)
    at FlowParserMixin.parseMaybeUnaryOrPrivate (c:\Users\vastu\ai-timetablex\node_modules\@babel\parser\lib\index.js:10899:61)
    at FlowParserMixin.parseExprOps (c:\Users\vastu\ai-timetablex\node_modules\@babel\parser\lib\index.js:10904:23)
    at FlowParserMixin.parseMaybeConditional (c:\Users\vastu\ai-timetablex\node_modules\@babel\parser\lib\index.js:10881:23)
    at FlowParserMixin.parseMaybeAssign (c:\Users\vastu\ai-timetablex\node_modules\@babel\parser\lib\index.js:10831:21)
    at FlowParserMixin.parseMaybeAssign (c:\Users\vastu\ai-timetablex\node_modules\@babel\parser\lib\index.js:3549:18)
    at FlowParserMixin.parseExpressionBase (c:\Users\vastu\ai-timetablex\node_modules\@babel\parser\lib\index.js:10784:23)
    at c:\Users\vastu\ai-timetablex\node_modules\@babel\parser\lib\index.js:10780:39
    at FlowParserMixin.allowInAnd (c:\Users\vastu\ai-timetablex\node_modules\@babel\parser\lib\index.js:12421:16)

[1m[31mERROR[39m[22m in [1m[eslint] 
src\App.js
  Line 350:7:  Parsing [1m[31merror[39m[22m[1m: Missing initializer in destructuring declaration. (350:7)

[39m[22m

webpack compiled with [1m[31m2 errors[39m[22m and [1m[33m1 warning[39m[22m
Compiling...
Failed to compile.

[eslint] 
src\App.js
Syntax error: Missing initializer in destructuring declaration. (350:7) (350:7)
[1m[33mWARNING[39m[22m in [1m[eslint] 
src\components\LoginPage.js
  Line 36:17:  'data' is assigned a value but never used  no-unused-vars

src\components\TeacherDashboard.js
  Line 1:17:  'useState' is defined but never used  no-unused-vars

[39m[22m

[1m[31mERROR[39m[22m in [1m./src/App.js[39m[22m
Module build failed (from ./node_modules/babel-loader/lib/index.js):
SyntaxError: c:\Users\vastu\ai-timetablex\src\App.js: Missing initializer in destructuring declaration. (350:7)

[0m [90m 348 |[39m       }
 [90m 349 |[39m     loadCloudState()[33m;[39m
[31m[1m>[22m[39m[90m 350 |[39m   }[33m,[39m [])[33m;[39m
 [90m     |[39m        [31m[1m^[22m[39m
 [90m 351 |[39m
 [90m 352 |[39m   [90m// --- Auto-save to Supabase ---[39m
 [90m 353 |[39m   useEffect(() [33m=>[39m {[0m
    at constructor (c:\Users\vastu\ai-timetablex\node_modules\@babel\parser\lib\index.js:365:19)
    at FlowParserMixin.raise (c:\Users\vastu\ai-timetablex\node_modules\@babel\parser\lib\index.js:6599:19)
    at FlowParserMixin.parseVar (c:\Users\vastu\ai-timetablex\node_modules\@babel\parser\lib\index.js:13387:16)
    at FlowParserMixin.parseVarStatement (c:\Users\vastu\ai-timetablex\node_modules\@babel\parser\lib\index.js:13230:10)
    at FlowParserMixin.parseStatementContent (c:\Users\vastu\ai-timetablex\node_modules\@babel\parser\lib\index.js:12851:23)
    at FlowParserMixin.parseStatementLike (c:\Users\vastu\ai-timetablex\node_modules\@babel\parser\lib\index.js:12767:17)
    at FlowParserMixin.parseStatementLike (c:\Users\vastu\ai-timetablex\node_modules\@babel\parser\lib\index.js:2918:24)
    at FlowParserMixin.parseStatementListItem (c:\Users\vastu\ai-timetablex\node_modules\@babel\parser\lib\index.js:12747:17)
    at FlowParserMixin.parseBlockOrModuleBlockBody (c:\Users\vastu\ai-timetablex\node_modules\@babel\parser\lib\index.js:13316:61)
    at FlowParserMixin.parseBlockBody (c:\Users\vastu\ai-timetablex\node_modules\@babel\parser\lib\index.js:13309:10)
    at FlowParserMixin.parseBlock (c:\Users\vastu\ai-timetablex\node_modules\@babel\parser\lib\index.js:13297:10)
    at FlowParserMixin.parseFunctionBody (c:\Users\vastu\ai-timetablex\node_modules\@babel\parser\lib\index.js:12100:24)
    at c:\Users\vastu\ai-timetablex\node_modules\@babel\parser\lib\index.js:2892:63
    at FlowParserMixin.forwardNoArrowParamsConversionAt (c:\Users\vastu\ai-timetablex\node_modules\@babel\parser\lib\index.js:3068:16)
    at FlowParserMixin.parseFunctionBody (c:\Users\vastu\ai-timetablex\node_modules\@babel\parser\lib\index.js:2892:12)
    at FlowParserMixin.parseArrowExpression (c:\Users\vastu\ai-timetablex\node_modules\@babel\parser\lib\index.js:12075:10)
    at FlowParserMixin.parseParenAndDistinguishExpression (c:\Users\vastu\ai-timetablex\node_modules\@babel\parser\lib\index.js:11687:12)
    at FlowParserMixin.parseParenAndDistinguishExpression (c:\Users\vastu\ai-timetablex\node_modules\@babel\parser\lib\index.js:3591:18)
    at FlowParserMixin.parseExprAtom (c:\Users\vastu\ai-timetablex\node_modules\@babel\parser\lib\index.js:11331:23)
    at FlowParserMixin.parseExprAtom (c:\Users\vastu\ai-timetablex\node_modules\@babel\parser\lib\index.js:4764:20)
    at FlowParserMixin.parseExprSubscripts (c:\Users\vastu\ai-timetablex\node_modules\@babel\parser\lib\index.js:11081:23)
    at FlowParserMixin.parseUpdate (c:\Users\vastu\ai-timetablex\node_modules\@babel\parser\lib\index.js:11066:21)
    at FlowParserMixin.parseMaybeUnary (c:\Users\vastu\ai-timetablex\node_modules\@babel\parser\lib\index.js:11046:23)
    at FlowParserMixin.parseMaybeUnaryOrPrivate (c:\Users\vastu\ai-timetablex\node_modules\@babel\parser\lib\index.js:10899:61)
    at FlowParserMixin.parseExprOps (c:\Users\vastu\ai-timetablex\node_modules\@babel\parser\lib\index.js:10904:23)
    at FlowParserMixin.parseMaybeConditional (c:\Users\vastu\ai-timetablex\node_modules\@babel\parser\lib\index.js:10881:23)
    at FlowParserMixin.parseMaybeAssign (c:\Users\vastu\ai-timetablex\node_modules\@babel\parser\lib\index.js:10831:21)
    at FlowParserMixin.parseMaybeAssign (c:\Users\vastu\ai-timetablex\node_modules\@babel\parser\lib\index.js:3549:18)
    at c:\Users\vastu\ai-timetablex\node_modules\@babel\parser\lib\index.js:10800:39
    at FlowParserMixin.allowInAnd (c:\Users\vastu\ai-timetablex\node_modules\@babel\parser\lib\index.js:12426:12)
    at FlowParserMixin.parseMaybeAssignAllowIn (c:\Users\vastu\ai-timetablex\node_modules\@babel\parser\lib\index.js:10800:17)
    at FlowParserMixin.parseMaybeAssignAllowInOrVoidPattern (c:\Users\vastu\ai-timetablex\node_modules\@babel\parser\lib\index.js:12493:17)
    at FlowParserMixin.parseExprListItem (c:\Users\vastu\ai-timetablex\node_modules\@babel\parser\lib\index.js:12175:18)
    at FlowParserMixin.parseCallExpressionArguments (c:\Users\vastu\ai-timetablex\node_modules\@babel\parser\lib\index.js:11252:22)
    at FlowParserMixin.parseCoverCallAndAsyncArrowHead (c:\Users\vastu\ai-timetablex\node_modules\@babel\parser\lib\index.js:11186:29)
    at FlowParserMixin.parseSubscript (c:\Users\vastu\ai-timetablex\node_modules\@babel\parser\lib\index.js:11120:19)
    at FlowParserMixin.parseSubscript (c:\Users\vastu\ai-timetablex\node_modules\@babel\parser\lib\index.js:3650:18)
    at FlowParserMixin.parseSubscripts (c:\Users\vastu\ai-timetablex\node_modules\@babel\parser\lib\index.js:11094:19)
    at FlowParserMixin.parseSubscripts (c:\Users\vastu\ai-timetablex\node_modules\@babel\parser\lib\index.js:3616:18)
    at FlowParserMixin.parseExprSubscripts (c:\Users\vastu\ai-timetablex\node_modules\@babel\parser\lib\index.js:11085:17)
    at FlowParserMixin.parseUpdate (c:\Users\vastu\ai-timetablex\node_modules\@babel\parser\lib\index.js:11066:21)
    at FlowParserMixin.parseMaybeUnary (c:\Users\vastu\ai-timetablex\node_modules\@babel\parser\lib\index.js:11046:23)
    at FlowParserMixin.parseMaybeUnaryOrPrivate (c:\Users\vastu\ai-timetablex\node_modules\@babel\parser\lib\index.js:10899:61)
    at FlowParserMixin.parseExprOps (c:\Users\vastu\ai-timetablex\node_modules\@babel\parser\lib\index.js:10904:23)
    at FlowParserMixin.parseMaybeConditional (c:\Users\vastu\ai-timetablex\node_modules\@babel\parser\lib\index.js:10881:23)
    at FlowParserMixin.parseMaybeAssign (c:\Users\vastu\ai-timetablex\node_modules\@babel\parser\lib\index.js:10831:21)
    at FlowParserMixin.parseMaybeAssign (c:\Users\vastu\ai-timetablex\node_modules\@babel\parser\lib\index.js:3549:18)
    at FlowParserMixin.parseExpressionBase (c:\Users\vastu\ai-timetablex\node_modules\@babel\parser\lib\index.js:10784:23)
    at c:\Users\vastu\ai-timetablex\node_modules\@babel\parser\lib\index.js:10780:39
    at FlowParserMixin.allowInAnd (c:\Users\vastu\ai-timetablex\node_modules\@babel\parser\lib\index.js:12421:16)

[1m[31mERROR[39m[22m in [1m[eslint] 
src\App.js
  Line 350:7:  Parsing [1m[31merror[39m[22m[1m: Missing initializer in destructuring declaration. (350:7)

[39m[22m

webpack compiled with [1m[31m2 errors[39m[22m and [1m[33m1 warning[39m[22m
Compiling...
Failed to compile.

[eslint] 
src\App.js
Syntax error: Missing initializer in destructuring declaration. (350:7) (350:7)
[1m[33mWARNING[39m[22m in [1m[eslint] 
src\components\LoginPage.js
  Line 36:17:  'data' is assigned a value but never used  no-unused-vars

src\components\TeacherDashboard.js
  Line 1:17:  'useState' is defined but never used  no-unused-vars

[39m[22m

[1m[31mERROR[39m[22m in [1m./src/App.js[39m[22m
Module build failed (from ./node_modules/babel-loader/lib/index.js):
SyntaxError: c:\Users\vastu\ai-timetablex\src\App.js: Missing initializer in destructuring declaration. (350:7)

[0m [90m 348 |[39m       }
 [90m 349 |[39m     loadCloudState()[33m;[39m
[31m[1m>[22m[39m[90m 350 |[39m   }[33m,[39m [])[33m;[39m
 [90m     |[39m        [31m[1m^[22m[39m
 [90m 351 |[39m
 [90m 352 |[39m   [90m// --- Auto-save to Supabase ---[39m
 [90m 353 |[39m   useEffect(() [33m=>[39m {[0m
    at constructor (c:\Users\vastu\ai-timetablex\node_modules\@babel\parser\lib\index.js:365:19)
    at FlowParserMixin.raise (c:\Users\vastu\ai-timetablex\node_modules\@babel\parser\lib\index.js:6599:19)
    at FlowParserMixin.parseVar (c:\Users\vastu\ai-timetablex\node_modules\@babel\parser\lib\index.js:13387:16)
    at FlowParserMixin.parseVarStatement (c:\Users\vastu\ai-timetablex\node_modules\@babel\parser\lib\index.js:13230:10)
    at FlowParserMixin.parseStatementContent (c:\Users\vastu\ai-timetablex\node_modules\@babel\parser\lib\index.js:12851:23)
    at FlowParserMixin.parseStatementLike (c:\Users\vastu\ai-timetablex\node_modules\@babel\parser\lib\index.js:12767:17)
    at FlowParserMixin.parseStatementLike (c:\Users\vastu\ai-timetablex\node_modules\@babel\parser\lib\index.js:2918:24)
    at FlowParserMixin.parseStatementListItem (c:\Users\vastu\ai-timetablex\node_modules\@babel\parser\lib\index.js:12747:17)
    at FlowParserMixin.parseBlockOrModuleBlockBody (c:\Users\vastu\ai-timetablex\node_modules\@babel\parser\lib\index.js:13316:61)
    at FlowParserMixin.parseBlockBody (c:\Users\vastu\ai-timetablex\node_modules\@babel\parser\lib\index.js:13309:10)
    at FlowParserMixin.parseBlock (c:\Users\vastu\ai-timetablex\node_modules\@babel\parser\lib\index.js:13297:10)
    at FlowParserMixin.parseFunctionBody (c:\Users\vastu\ai-timetablex\node_modules\@babel\parser\lib\index.js:12100:24)
    at c:\Users\vastu\ai-timetablex\node_modules\@babel\parser\lib\index.js:2892:63
    at FlowParserMixin.forwardNoArrowParamsConversionAt (c:\Users\vastu\ai-timetablex\node_modules\@babel\parser\lib\index.js:3068:16)
    at FlowParserMixin.parseFunctionBody (c:\Users\vastu\ai-timetablex\node_modules\@babel\parser\lib\index.js:2892:12)
    at FlowParserMixin.parseArrowExpression (c:\Users\vastu\ai-timetablex\node_modules\@babel\parser\lib\index.js:12075:10)
    at FlowParserMixin.parseParenAndDistinguishExpression (c:\Users\vastu\ai-timetablex\node_modules\@babel\parser\lib\index.js:11687:12)
    at FlowParserMixin.parseParenAndDistinguishExpression (c:\Users\vastu\ai-timetablex\node_modules\@babel\parser\lib\index.js:3591:18)
    at FlowParserMixin.parseExprAtom (c:\Users\vastu\ai-timetablex\node_modules\@babel\parser\lib\index.js:11331:23)
    at FlowParserMixin.parseExprAtom (c:\Users\vastu\ai-timetablex\node_modules\@babel\parser\lib\index.js:4764:20)
    at FlowParserMixin.parseExprSubscripts (c:\Users\vastu\ai-timetablex\node_modules\@babel\parser\lib\index.js:11081:23)
    at FlowParserMixin.parseUpdate (c:\Users\vastu\ai-timetablex\node_modules\@babel\parser\lib\index.js:11066:21)
    at FlowParserMixin.parseMaybeUnary (c:\Users\vastu\ai-timetablex\node_modules\@babel\parser\lib\index.js:11046:23)
    at FlowParserMixin.parseMaybeUnaryOrPrivate (c:\Users\vastu\ai-timetablex\node_modules\@babel\parser\lib\index.js:10899:61)
    at FlowParserMixin.parseExprOps (c:\Users\vastu\ai-timetablex\node_modules\@babel\parser\lib\index.js:10904:23)
    at FlowParserMixin.parseMaybeConditional (c:\Users\vastu\ai-timetablex\node_modules\@babel\parser\lib\index.js:10881:23)
    at FlowParserMixin.parseMaybeAssign (c:\Users\vastu\ai-timetablex\node_modules\@babel\parser\lib\index.js:10831:21)
    at FlowParserMixin.parseMaybeAssign (c:\Users\vastu\ai-timetablex\node_modules\@babel\parser\lib\index.js:3549:18)
    at c:\Users\vastu\ai-timetablex\node_modules\@babel\parser\lib\index.js:10800:39
    at FlowParserMixin.allowInAnd (c:\Users\vastu\ai-timetablex\node_modules\@babel\parser\lib\index.js:12426:12)
    at FlowParserMixin.parseMaybeAssignAllowIn (c:\Users\vastu\ai-timetablex\node_modules\@babel\parser\lib\index.js:10800:17)
    at FlowParserMixin.parseMaybeAssignAllowInOrVoidPattern (c:\Users\vastu\ai-timetablex\node_modules\@babel\parser\lib\index.js:12493:17)
    at FlowParserMixin.parseExprListItem (c:\Users\vastu\ai-timetablex\node_modules\@babel\parser\lib\index.js:12175:18)
    at FlowParserMixin.parseCallExpressionArguments (c:\Users\vastu\ai-timetablex\node_modules\@babel\parser\lib\index.js:11252:22)
    at FlowParserMixin.parseCoverCallAndAsyncArrowHead (c:\Users\vastu\ai-timetablex\node_modules\@babel\parser\lib\index.js:11186:29)
    at FlowParserMixin.parseSubscript (c:\Users\vastu\ai-timetablex\node_modules\@babel\parser\lib\index.js:11120:19)
    at FlowParserMixin.parseSubscript (c:\Users\vastu\ai-timetablex\node_modules\@babel\parser\lib\index.js:3650:18)
    at FlowParserMixin.parseSubscripts (c:\Users\vastu\ai-timetablex\node_modules\@babel\parser\lib\index.js:11094:19)
    at FlowParserMixin.parseSubscripts (c:\Users\vastu\ai-timetablex\node_modules\@babel\parser\lib\index.js:3616:18)
    at FlowParserMixin.parseExprSubscripts (c:\Users\vastu\ai-timetablex\node_modules\@babel\parser\lib\index.js:11085:17)
    at FlowParserMixin.parseUpdate (c:\Users\vastu\ai-timetablex\node_modules\@babel\parser\lib\index.js:11066:21)
    at FlowParserMixin.parseMaybeUnary (c:\Users\vastu\ai-timetablex\node_modules\@babel\parser\lib\index.js:11046:23)
    at FlowParserMixin.parseMaybeUnaryOrPrivate (c:\Users\vastu\ai-timetablex\node_modules\@babel\parser\lib\index.js:10899:61)
    at FlowParserMixin.parseExprOps (c:\Users\vastu\ai-timetablex\node_modules\@babel\parser\lib\index.js:10904:23)
    at FlowParserMixin.parseMaybeConditional (c:\Users\vastu\ai-timetablex\node_modules\@babel\parser\lib\index.js:10881:23)
    at FlowParserMixin.parseMaybeAssign (c:\Users\vastu\ai-timetablex\node_modules\@babel\parser\lib\index.js:10831:21)
    at FlowParserMixin.parseMaybeAssign (c:\Users\vastu\ai-timetablex\node_modules\@babel\parser\lib\index.js:3549:18)
    at FlowParserMixin.parseExpressionBase (c:\Users\vastu\ai-timetablex\node_modules\@babel\parser\lib\index.js:10784:23)
    at c:\Users\vastu\ai-timetablex\node_modules\@babel\parser\lib\index.js:10780:39
    at FlowParserMixin.allowInAnd (c:\Users\vastu\ai-timetablex\node_modules\@babel\parser\lib\index.js:12421:16)

[1m[31mERROR[39m[22m in [1m[eslint] 
src\App.js
  Line 350:7:  Parsing [1m[31merror[39m[22m[1m: Missing initializer in destructuring declaration. (350:7)

[39m[22m

webpack compiled with [1m[31m2 errors[39m[22m and [1m[33m1 warning[39m[22m
Compiling...
Failed to compile.

[eslint] 
src\App.js
  Line 343:9:  'setIsCloudLoaded' is not defined  no-undef

Search for the keywords to learn more about each error.
[1m[33mWARNING[39m[22m in [1m[eslint] 
src\App.js
  Line 363:61:  'saveToCloud' was used before it was defined  no-use-before-define

src\components\LoginPage.js
  Line 36:17:  'data' is assigned a value but never used  no-unused-vars

src\components\TeacherDashboard.js
  Line 1:17:  'useState' is defined but never used  no-unused-vars

[39m[22m

[1m[31mERROR[39m[22m in [1m[eslint] 
src\App.js
  Line 343:9:  'setIsCloudLoaded' is not defined  no-undef

Search for the keywords to learn more about each [1m[31merror[39m[22m[1m.[39m[22m

webpack compiled with [1m[31m1 error[39m[22m and [1m[33m1 warning[39m[22m
Compiling...
Compiled with warnings.

[eslint] 
src\App.js
  Line 320:10:  'isCloudLoaded' is assigned a value but never used  no-unused-vars
  Line 363:61:  'saveToCloud' was used before it was defined        no-use-before-define

src\components\LoginPage.js
  Line 36:17:  'data' is assigned a value but never used  no-unused-vars

src\components\TeacherDashboard.js
  Line 1:17:  'useState' is defined but never used  no-unused-vars

Search for the keywords to learn more about each warning.
To ignore, add // eslint-disable-next-line to the line before.

[1m[33mWARNING[39m[22m in [1m[eslint] 
src\App.js
  Line 320:10:  'isCloudLoaded' is assigned a value but never used  no-unused-vars
  Line 363:61:  'saveToCloud' was used before it was defined        no-use-before-define

src\components\LoginPage.js
  Line 36:17:  'data' is assigned a value but never used  no-unused-vars

src\components\TeacherDashboard.js
  Line 1:17:  'useState' is defined but never used  no-unused-vars

[39m[22m

webpack compiled with [1m[33m1 warning[39m[22m
Compiling...
Compiled with warnings.

[eslint] 
src\App.js
  Line 320:10:  'isCloudLoaded' is assigned a value but never used  no-unused-vars

src\components\LoginPage.js
  Line 36:17:  'data' is assigned a value but never used  no-unused-vars

src\components\TeacherDashboard.js
  Line 1:17:  'useState' is defined but never used  no-unused-vars

Search for the keywords to learn more about each warning.
To ignore, add // eslint-disable-next-line to the line before.

[1m[33mWARNING[39m[22m in [1m[eslint] 
src\App.js
  Line 320:10:  'isCloudLoaded' is assigned a value but never used  no-unused-vars

src\components\LoginPage.js
  Line 36:17:  'data' is assigned a value but never used  no-unused-vars

src\components\TeacherDashboard.js
  Line 1:17:  'useState' is defined but never used  no-unused-vars

[39m[22m

webpack compiled with [1m[33m1 warning[39m[22m
Compiling...
Compiled with warnings.

[eslint] 
src\App.js
  Line 320:10:  'isCloudLoaded' is assigned a value but never used  no-unused-vars

src\components\TeacherDashboard.js
  Line 1:17:  'useState' is defined but never used  no-unused-vars

Search for the keywords to learn more about each warning.
To ignore, add // eslint-disable-next-line to the line before.

[1m[33mWARNING[39m[22m in [1m[eslint] 
src\App.js
  Line 320:10:  'isCloudLoaded' is assigned a value but never used  no-unused-vars

src\components\TeacherDashboard.js
  Line 1:17:  'useState' is defined but never used  no-unused-vars

[39m[22m

webpack compiled with [1m[33m1 warning[39m[22m
Compiling...
Compiled with warnings.

[eslint] 
src\App.js
  Line 320:10:  'isCloudLoaded' is assigned a value but never used  no-unused-vars

Search for the keywords to learn more about each warning.
To ignore, add // eslint-disable-next-line to the line before.

[1m[33mWARNING[39m[22m in [1m[eslint] 
src\App.js
  Line 320:10:  'isCloudLoaded' is assigned a value but never used  no-unused-vars

[39m[22m

webpack compiled with [1m[33m1 warning[39m[22m
Compiling...
Compiled successfully!
webpack compiled [1m[32msuccessfully[39m[22m
Compiling...
Compiled successfully!
webpack compiled [1m[32msuccessfully[39m[22m
Compiling...
Compiled successfully!
webpack compiled [1m[32msuccessfully[39m[22m
Compiling...
Compiled successfully!
webpack compiled [1m[32msuccessfully[39m[22m
Compiling...
Compiled successfully!
webpack compiled [1m[32msuccessfully[39m[22m
Compiling...
Compiled successfully!
webpack compiled [1m[32msuccessfully[39m[22m
Compiling...
Compiled successfully!
webpack compiled [1m[32msuccessfully[39m[22m
Compiling...
Compiled successfully!
webpack compiled [1m[32msuccessfully[39m[22m
Compiling...
Compiled successfully!
webpack compiled [1m[32msuccessfully[39m[22m
Compiling...
Compiled successfully!
webpack compiled [1m[32msuccessfully[39m[22m
